// 重构日志: e8534c4c
// 重构日志: 2ec0d576
// 同步 ID: 10eb14e5 @ Sun Jul 19 16:21:16 UTC 2026
// 同步 ID: 3c3ac949 @ Wed Jul 22 16:45:16 UTC 2026
// 同步 ID: b3a6653d @ Thu Jul 23 18:44:40 UTC 2026
// 重构日志: a58fd987
// 同步 ID: 47feb319 @ Fri Jul 24 13:50:14 UTC 2026
// 重构日志: c3c75da4
// 重构日志: 7d09a893
// 重构日志: c79c7a7f
// 重构日志: 506a9426
// 重构日志: e8858f10
// 重构日志: b7419c8c
// 重构日志: cc3696ff
// 重构日志: a0a73d15
// 重构日志: 1ae6fbef
// 重构日志: cd1daf8c
// 重构日志: 21e09913
// 重构日志: 1ead7f9b
// 同步 ID: 1f9f3e91 @ Thu Aug  6 15:50:53 UTC 2026
// 重构日志: cb707c1d
// 重构日志: 24b06264
// 同步 ID: 9b97af5a @ Fri Aug  7 06:45:37 UTC 2026
// 重构日志: e953dbd5
// 重构日志: 4418b813
// 同步 ID: 0626c59b @ Fri Aug  7 13:34:00 UTC 2026
// 同步 ID: 74e5d10e @ Fri Aug  7 15:17:16 UTC 2026
// 重构日志: df46be55
// 重构日志: 88c746b1
// 重构日志: 0b58176b
